[www.lagriffeonline.it/index.html]
[backblue.gif]
[fade.gif]
[index.html]
[www.lagriffeonline.it/misc/favicon.ico]
[www.lagriffeonline.it/rss.xml]
[www.lagriffeonline.it/sites/default/files/css/css_Z_KQyXTcIGmFPRfGZOOTJ1xsEckXlqMhF53CkTgnOVA.css]
[www.lagriffeonline.it/sites/default/files/css/css_Vn_p7xhZmS8yWWx26P0Cc7Tm0GG2K1gLWEoVrhw5xxg.css]
[www.lagriffeonline.it/sites/default/files/css/css_ZGpKp15q_UL4G1T5JPN2_HDCnNEF2dfCHCpO6GUACQg.css]
[www.lagriffeonline.it/sites/default/files/css/css_KVZ3RuBBmZaFDt3yAVgew0syzx_mdVwurNcNHYykLEo.css]
[www.lagriffeonline.it/sites/default/files/js/js_zmH8rg-AUzRgqjucXxZl8bdcVmZzyXEmhhtKwRWzHXs.js]
[www.lagriffeonline.it/sites/default/files/logo-topbar_2.png]
[www.lagriffeonline.it/sites/default/files/js/js_3jHghlMLrjr9xXAC0JufqSSch3oAbkZstSqYdc4uuck.js]
[www.lagriffeonline.it/content/lazienda.html]
[www.lagriffeonline.it/content/dove-siamo.html]
[www.lagriffeonline.it/content/contatti.html]
[www.lagriffeonline.it/categorie/lazienda.html]
[www.lagriffeonline.it/categorie/prodotti.html]
[www.lagriffeonline.it/content/prodotti.html]
[www.lagriffeonline.it/sites/default/files/struzzo-home.png]
[www.lagriffeonline.it/sites/default/files/basta-nascondersi.png]
[www.lagriffeonline.it/sites/all/themes/corporateclean/mockup/slide-1.jpg]
[www.lagriffeonline.it/sites/all/themes/corporateclean/mockup/slide-2.jpg]
[www.lagriffeonline.it/sites/all/themes/corporateclean/mockup/slide-3.jpg]
[www.lagriffeonline.it/sites/all/themes/corporateclean/mockup/slide-4.jpg]
[www.lagriffeonline.it/sites/all/themes/corporateclean/mockup/slide-5.jpg]
[www.lagriffeonline.it/sites/all/themes/corporateclean/mockup/slide-6.jpg]
[www.lagriffeonline.it/content/lanciato-nuovo-tipo-di-insegna.html]
[www.lagriffeonline.it/sites/default/files/styles/medium/public/field/image/poptart1red1.gif]
[www.lagriffeonline.it/prova.html]
[www.lagriffeonline.it/user/login373c.html]
[www.lagriffeonline.it/content/benvenuti.html]
[www.lagriffeonline.it/immagine-home-sito.png]
[www.lagriffeonline.it/misc/feed.png]
[www.lagriffeonline.it/index.html]
[www.lagriffeonline.it/sites/default/files/css/css_Z_KQyXTcIGmFPRfGZOOTJ1xsEckXlqMhF53CkTgnOVA.css]
[www.lagriffeonline.it/sites/default/files/css/css_Vn_p7xhZmS8yWWx26P0Cc7Tm0GG2K1gLWEoVrhw5xxg.css]
[www.lagriffeonline.it/sites/default/files/css/css_ZGpKp15q_UL4G1T5JPN2_HDCnNEF2dfCHCpO6GUACQg.css]
[www.lagriffeonline.it/sites/default/files/css/css_KVZ3RuBBmZaFDt3yAVgew0syzx_mdVwurNcNHYykLEo.css]
[www.lagriffeonline.it/user/password.html]
[www.lagriffeonline.it/node/2.html]
[www.lagriffeonline.it/content/lazienda.html]
[www.lagriffeonline.it/sites/default/files/foto-sede1.jpg]
[www.lagriffeonline.it/content/dove-siamo.html]
[www.lagriffeonline.it/node/3.html]
[www.lagriffeonline.it/content/servizihtml.html]
[www.lagriffeonline.it/content/contatti.html]
[www.lagriffeonline.it/node/4.html]
[www.lagriffeonline.it/taxonomy/term/3.html]
[www.lagriffeonline.it/taxonomy/term/3/feedhtml.html]
[www.lagriffeonline.it/categorie/lazienda.html]
[www.lagriffeonline.it/sites/default/files/css/css_GR8AyplLnyuiixTkJmSUpeZR8ClKxHdYVFaLpzvL1II.css]
[www.lagriffeonline.it/taxonomy/term/2.html]
[www.lagriffeonline.it/categorie/prodotti.html]
[www.lagriffeonline.it/taxonomy/term/2/feedhtml.html]
[www.lagriffeonline.it/content/prodotti.html]
[www.lagriffeonline.it/node/9.html]
[www.lagriffeonline.it/node/8.html]
[www.lagriffeonline.it/content/lanciato-nuovo-tipo-di-insegna.html]
[www.lagriffeonline.it/sites/default/files/styles/large/public/field/image/poptart1red1.gif]
[www.lagriffeonline.it/taxonomy/term/4.html]
[www.lagriffeonline.it/prova.html]
[www.lagriffeonline.it/taxonomy/term/4/feedhtml.html]
[www.lagriffeonline.it/user/login373c.html]
[www.lagriffeonline.it/user.html]
[www.lagriffeonline.it/content/benvenuti.html]
[www.lagriffeonline.it/user/password.html]
[www.lagriffeonline.it/node/2.html]
[www.lagriffeonline.it/node/3.html]
[www.lagriffeonline.it/node/7.html]
[www.lagriffeonline.it/content/servizihtml.html]
[www.lagriffeonline.it/node/4.html]
[www.lagriffeonline.it/taxonomy/term/3.html]
[www.lagriffeonline.it/sites/default/files/css/css_GR8AyplLnyuiixTkJmSUpeZR8ClKxHdYVFaLpzvL1II.css]
[www.lagriffeonline.it/taxonomy/term/2.html]
[www.lagriffeonline.it/node/9.html]
[www.lagriffeonline.it/node/8.html]
[www.lagriffeonline.it/taxonomy/term/4.html]
[www.lagriffeonline.it/user.html]
[www.lagriffeonline.it/node/7.html]
[www.lagriffeonline.it/node/5.html]
[www.lagriffeonline.it/node/5.html]
